------------------------------------------------------------
TimeQuest Timing Analyzer Summary
------------------------------------------------------------

Type  : Slow 1200mV 85C Model Setup 'altera_reserved_tck'
Slack : 40.276
TNS   : 0.000

Type  : Slow 1200mV 85C Model Hold 'altera_reserved_tck'
Slack : -0.488
TNS   : -6.344

Type  : Slow 1200mV 85C Model Recovery 'altera_reserved_tck'
Slack : 46.175
TNS   : 0.000

Type  : Slow 1200mV 85C Model Removal 'altera_reserved_tck'
Slack : -2.239
TNS   : -10.423

Type  : Slow 1200mV 0C Model Setup 'altera_reserved_tck'
Slack : 40.304
TNS   : 0.000

Type  : Slow 1200mV 0C Model Hold 'altera_reserved_tck'
Slack : -0.590
TNS   : -7.670

Type  : Slow 1200mV 0C Model Recovery 'altera_reserved_tck'
Slack : 46.180
TNS   : 0.000

Type  : Slow 1200mV 0C Model Removal 'altera_reserved_tck'
Slack : -2.192
TNS   : -9.863

Type  : Fast 1200mV 0C Model Setup 'altera_reserved_tck'
Slack : 45.637
TNS   : 0.000

Type  : Fast 1200mV 0C Model Hold 'altera_reserved_tck'
Slack : -0.174
TNS   : -2.262

Type  : Fast 1200mV 0C Model Recovery 'altera_reserved_tck'
Slack : 48.120
TNS   : 0.000

Type  : Fast 1200mV 0C Model Removal 'altera_reserved_tck'
Slack : -0.873
TNS   : -4.062

------------------------------------------------------------
